========================================================================
Phase 10 Full Pipeline: validate -> train -> evaluate -> demos
========================================================================

[1/4] Running simulator validation suite...
DocumentStore loaded:
  lumo_doc1_company_product_overview.md: 22 chunks
  lumo_doc2_support_policies.md: 48 chunks
  lumo_doc3_issue_playbooks.md: 59 chunks
  Total chunks: 129
  Mean chunk size: 787 characters
  Min chunk size: 45 characters
  Max chunk size: 1000 characters
Warning: You are sending unauthenticated requests to the HF Hub. Please set a HF_TOKEN to enable higher rate limits and faster downloads.
Loading weights:   0%|          | 0/103 [00:00<?, ?it/s]Loading weights: 100%|██████████| 103/103 [00:00<00:00, 10895.40it/s]
[1mBertModel LOAD REPORT[0m from: sentence-transformers/all-MiniLM-L6-v2
Key                     | Status     |  | 
------------------------+------------+--+-
embeddings.position_ids | UNEXPECTED |  | 

Notes:
- UNEXPECTED:	can be ignored when loading from different task/architecture; not ok if you expect identical arch.
  [Level1] episode 0/1000
  [Level1] episode 500/1000
DocumentStore loaded:
  lumo_doc1_company_product_overview.md: 22 chunks
  lumo_doc2_support_policies.md: 48 chunks
  lumo_doc3_issue_playbooks.md: 59 chunks
  Total chunks: 129
  Mean chunk size: 787 characters
  Min chunk size: 45 characters
  Max chunk size: 1000 characters
Loading weights:   0%|          | 0/103 [00:00<?, ?it/s]Loading weights: 100%|██████████| 103/103 [00:00<00:00, 11128.63it/s]
[1mBertModel LOAD REPORT[0m from: sentence-transformers/all-MiniLM-L6-v2
Key                     | Status     |  | 
------------------------+------------+--+-
embeddings.position_ids | UNEXPECTED |  | 

Notes:
- UNEXPECTED:	can be ignored when loading from different task/architecture; not ok if you expect identical arch.
  [Level2] episode 0/800
  [Level2] episode 500/800
DocumentStore loaded:
  lumo_doc1_company_product_overview.md: 22 chunks
  lumo_doc2_support_policies.md: 48 chunks
  lumo_doc3_issue_playbooks.md: 59 chunks
  Total chunks: 129
  Mean chunk size: 787 characters
  Min chunk size: 45 characters
  Max chunk size: 1000 characters
HTTP Error 503 thrown while requesting HEAD https://huggingface.co/sentence-transformers/all-MiniLM-L6-v2/resolve/main/adapter_config.json
Retrying in 1s [Retry 1/5].
HTTP Error 503 thrown while requesting HEAD https://huggingface.co/sentence-transformers/all-MiniLM-L6-v2/resolve/main/adapter_config.json
Retrying in 2s [Retry 2/5].
HTTP Error 503 thrown while requesting HEAD https://huggingface.co/sentence-transformers/all-MiniLM-L6-v2/resolve/main/adapter_config.json
Retrying in 4s [Retry 3/5].
HTTP Error 503 thrown while requesting HEAD https://huggingface.co/sentence-transformers/all-MiniLM-L6-v2/resolve/main/adapter_config.json
Retrying in 8s [Retry 4/5].
HTTP Error 503 thrown while requesting HEAD https://huggingface.co/sentence-transformers/all-MiniLM-L6-v2/resolve/main/adapter_config.json
Retrying in 8s [Retry 5/5].
HTTP Error 503 thrown while requesting HEAD https://huggingface.co/sentence-transformers/all-MiniLM-L6-v2/resolve/main/adapter_config.json
Loading weights:   0%|          | 0/103 [00:00<?, ?it/s]Loading weights: 100%|██████████| 103/103 [00:00<00:00, 11597.98it/s]
[1mBertModel LOAD REPORT[0m from: sentence-transformers/all-MiniLM-L6-v2
Key                     | Status     |  | 
------------------------+------------+--+-
embeddings.position_ids | UNEXPECTED |  | 

Notes:
- UNEXPECTED:	can be ignored when loading from different task/architecture; not ok if you expect identical arch.
  [Level3] policy=document_guided
    episode 0/1000
    episode 500/1000
  [Level3] policy=threshold_escalate
    episode 0/1000
    episode 500/1000
  [Level3] policy=random
    episode 0/1000
    episode 500/1000
  [Level3] policy=always_solve
    episode 0/1000
    episode 500/1000
  [Level3] policy=always_escalate
    episode 0/1000
    episode 500/1000
DocumentStore loaded:
  lumo_doc1_company_product_overview.md: 22 chunks
  lumo_doc2_support_policies.md: 48 chunks
  lumo_doc3_issue_playbooks.md: 59 chunks
  Total chunks: 129
  Mean chunk size: 787 characters
  Min chunk size: 45 characters
  Max chunk size: 1000 characters
HTTP Error 503 thrown while requesting HEAD https://huggingface.co/sentence-transformers/all-MiniLM-L6-v2/resolve/main/adapter_config.json
Retrying in 1s [Retry 1/5].
HTTP Error 503 thrown while requesting HEAD https://huggingface.co/sentence-transformers/all-MiniLM-L6-v2/resolve/main/adapter_config.json
Retrying in 2s [Retry 2/5].
HTTP Error 503 thrown while requesting HEAD https://huggingface.co/sentence-transformers/all-MiniLM-L6-v2/resolve/main/adapter_config.json
Retrying in 4s [Retry 3/5].
HTTP Error 503 thrown while requesting HEAD https://huggingface.co/sentence-transformers/all-MiniLM-L6-v2/resolve/main/adapter_config.json
Retrying in 8s [Retry 4/5].
Loading weights:   0%|          | 0/103 [00:00<?, ?it/s]Loading weights: 100%|██████████| 103/103 [00:00<00:00, 12224.83it/s]
[1mBertModel LOAD REPORT[0m from: sentence-transformers/all-MiniLM-L6-v2
Key                     | Status     |  | 
------------------------+------------+--+-
embeddings.position_ids | UNEXPECTED |  | 

Notes:
- UNEXPECTED:	can be ignored when loading from different task/architecture; not ok if you expect identical arch.
Validation pass rate: 20/24 (overall_pass=False)

[2/4] Training PPO agent...
Training mode: fresh
DocumentStore loaded:
  lumo_doc1_company_product_overview.md: 22 chunks
  lumo_doc2_support_policies.md: 48 chunks
  lumo_doc3_issue_playbooks.md: 59 chunks
  Total chunks: 129
  Mean chunk size: 787 characters
  Min chunk size: 45 characters
  Max chunk size: 1000 characters
Loading weights:   0%|          | 0/103 [00:00<?, ?it/s]Loading weights: 100%|██████████| 103/103 [00:00<00:00, 9647.89it/s]
[1mBertModel LOAD REPORT[0m from: sentence-transformers/all-MiniLM-L6-v2
Key                     | Status     |  | 
------------------------+------------+--+-
embeddings.position_ids | UNEXPECTED |  | 

Notes:
- UNEXPECTED:	can be ignored when loading from different task/architecture; not ok if you expect identical arch.
DocumentStore loaded:
  lumo_doc1_company_product_overview.md: 22 chunks
  lumo_doc2_support_policies.md: 48 chunks
  lumo_doc3_issue_playbooks.md: 59 chunks
  Total chunks: 129
  Mean chunk size: 787 characters
  Min chunk size: 45 characters
  Max chunk size: 1000 characters
Loading weights:   0%|          | 0/103 [00:00<?, ?it/s]Loading weights: 100%|██████████| 103/103 [00:00<00:00, 10314.77it/s]
[1mBertModel LOAD REPORT[0m from: sentence-transformers/all-MiniLM-L6-v2
Key                     | Status     |  | 
------------------------+------------+--+-
embeddings.position_ids | UNEXPECTED |  | 

Notes:
- UNEXPECTED:	can be ignored when loading from different task/architecture; not ok if you expect identical arch.
DocumentStore loaded:
  lumo_doc1_company_product_overview.md: 22 chunks
  lumo_doc2_support_policies.md: 48 chunks
  lumo_doc3_issue_playbooks.md: 59 chunks
  Total chunks: 129
  Mean chunk size: 787 characters
  Min chunk size: 45 characters
  Max chunk size: 1000 characters
Loading weights:   0%|          | 0/103 [00:00<?, ?it/s]Loading weights: 100%|██████████| 103/103 [00:00<00:00, 7871.10it/s]
[1mBertModel LOAD REPORT[0m from: sentence-transformers/all-MiniLM-L6-v2
Key                     | Status     |  | 
------------------------+------------+--+-
embeddings.position_ids | UNEXPECTED |  | 

Notes:
- UNEXPECTED:	can be ignored when loading from different task/architecture; not ok if you expect identical arch.
DocumentStore loaded:
  lumo_doc1_company_product_overview.md: 22 chunks
  lumo_doc2_support_policies.md: 48 chunks
  lumo_doc3_issue_playbooks.md: 59 chunks
  Total chunks: 129
  Mean chunk size: 787 characters
  Min chunk size: 45 characters
  Max chunk size: 1000 characters
Loading weights:   0%|          | 0/103 [00:00<?, ?it/s]Loading weights: 100%|██████████| 103/103 [00:00<00:00, 12673.47it/s]
[1mBertModel LOAD REPORT[0m from: sentence-transformers/all-MiniLM-L6-v2
Key                     | Status     |  | 
------------------------+------------+--+-
embeddings.position_ids | UNEXPECTED |  | 

Notes:
- UNEXPECTED:	can be ignored when loading from different task/architecture; not ok if you expect identical arch.
DocumentStore loaded:
  lumo_doc1_company_product_overview.md: 22 chunks
  lumo_doc2_support_policies.md: 48 chunks
  lumo_doc3_issue_playbooks.md: 59 chunks
  Total chunks: 129
  Mean chunk size: 787 characters
  Min chunk size: 45 characters
  Max chunk size: 1000 characters
Loading weights:   0%|          | 0/103 [00:00<?, ?it/s]Loading weights: 100%|██████████| 103/103 [00:00<00:00, 10554.93it/s]
[1mBertModel LOAD REPORT[0m from: sentence-transformers/all-MiniLM-L6-v2
Key                     | Status     |  | 
------------------------+------------+--+-
embeddings.position_ids | UNEXPECTED |  | 

Notes:
- UNEXPECTED:	can be ignored when loading from different task/architecture; not ok if you expect identical arch.
Using cuda device
/data/interns/studentiotlab/AdaptiveBandit/AdaptiveBandit/.venv311/lib64/python3.11/site-packages/stable_baselines3/common/on_policy_algorithm.py:150: UserWarning: You are trying to run PPO on the GPU, but it is primarily intended to run on the CPU when not using a CNN policy (you are using ActorCriticPolicy which should be a MlpPolicy). See https://github.com/DLR-RM/stable-baselines3/issues/1245 for more info. You can pass `device='cpu'` or `export CUDA_VISIBLE_DEVICES=` to force using the CPU.Note: The model will train, but the GPU utilization will be poor and the training might take longer than on CPU.
  warnings.warn(
Logging to /data/interns/studentiotlab/AdaptiveBandit/AdaptiveBandit/Simulation_4/artifacts/phase10_textonly_persist/tensorboard/PPO_3
Step 5,000 | Mean reward: -1.471 | Resolution: 2.2% | Escalation: 95.3%
-------------------------------------------
| custom/                      |          |
|    dropout_rate              | 0.0244   |
|    escalation_rate           | 0.953    |
|    mean_episode_length_100ep | 2.55     |
|    mean_reward_100ep         | -1.47    |
|    resolution_rate           | 0.0224   |
|    timeout_rate              | 0        |
| rollout/                     |          |
|    ep_len_mean               | 2.43     |
|    ep_rew_mean               | -1.48    |
| time/                        |          |
|    fps                       | 0        |
|    iterations                | 1        |
|    time_elapsed              | 8609     |
|    total_timesteps           | 8192     |
-------------------------------------------
Step 10,000 | Mean reward: -1.522 | Resolution: 2.1% | Escalation: 95.1%
New best model saved: -1.171
Step 15,000 | Mean reward: -1.506 | Resolution: 2.5% | Escalation: 94.7%
----------------------------------------------
| custom/                      |             |
|    dropout_rate              | 0.0278      |
|    escalation_rate           | 0.947       |
|    mean_episode_length_100ep | 2.2         |
|    mean_reward_100ep         | -1.51       |
|    resolution_rate           | 0.0251      |
|    timeout_rate              | 0           |
| eval/                        |             |
|    escalation_rate           | 0           |
|    mean_reward               | -1.17       |
|    resolution_rate           | 0           |
| rollout/                     |             |
|    ep_len_mean               | 2.02        |
|    ep_rew_mean               | -1.39       |
| time/                        |             |
|    fps                       | 0           |
|    iterations                | 2           |
|    time_elapsed              | 17561       |
|    total_timesteps           | 16384       |
| train/                       |             |
|    approx_kl                 | 0.024187943 |
|    clip_fraction             | 0.228       |
|    clip_range                | 0.2         |
|    entropy_loss              | -1.59       |
|    explained_variance        | -0.00483    |
|    learning_rate             | 0.0003      |
|    loss                      | 1.1         |
|    n_updates                 | 10          |
|    policy_gradient_loss      | -0.0164     |
|    value_loss                | 2.14        |
----------------------------------------------
Step 20,000 | Mean reward: -1.160 | Resolution: 2.4% | Escalation: 94.8%
----------------------------------------------
| custom/                      |             |
|    dropout_rate              | 0.0284      |
|    escalation_rate           | 0.948       |
|    mean_episode_length_100ep | 1.8         |
|    mean_reward_100ep         | -1.16       |
|    resolution_rate           | 0.0237      |
|    timeout_rate              | 0           |
| eval/                        |             |
|    escalation_rate           | 0           |
|    mean_reward               | -1.17       |
|    resolution_rate           | 0           |
| rollout/                     |             |
|    ep_len_mean               | 1.79        |
|    ep_rew_mean               | -1.24       |
| time/                        |             |
|    fps                       | 0           |
|    iterations                | 3           |
|    time_elapsed              | 26833       |
|    total_timesteps           | 24576       |
| train/                       |             |
|    approx_kl                 | 0.029438838 |
|    clip_fraction             | 0.364       |
|    clip_range                | 0.2         |
|    entropy_loss              | -1.51       |
|    explained_variance        | -0.0121     |
|    learning_rate             | 0.0003      |
|    loss                      | 1.06        |
|    n_updates                 | 20          |
|    policy_gradient_loss      | -0.026      |
|    value_loss                | 1.83        |
----------------------------------------------
Step 25,000 | Mean reward: -1.157 | Resolution: 2.6% | Escalation: 94.7%
Step 30,000 | Mean reward: -1.342 | Resolution: 3.0% | Escalation: 94.3%
---------------------------------------------
| custom/                      |            |
|    dropout_rate              | 0.0272     |
|    escalation_rate           | 0.943      |
|    mean_episode_length_100ep | 1.57       |
|    mean_reward_100ep         | -1.34      |
|    resolution_rate           | 0.0297     |
|    timeout_rate              | 0          |
| eval/                        |            |
|    escalation_rate           | 0          |
|    mean_reward               | -1.17      |
|    resolution_rate           | 0          |
| rollout/                     |            |
|    ep_len_mean               | 1.88       |
|    ep_rew_mean               | -1.41      |
| time/                        |            |
|    fps                       | 0          |
|    iterations                | 4          |
|    time_elapsed              | 36523      |
|    total_timesteps           | 32768      |
| train/                       |            |
|    approx_kl                 | 0.01961662 |
|    clip_fraction             | 0.441      |
|    clip_range                | 0.2        |
|    entropy_loss              | -1.38      |
|    explained_variance        | -0.0129    |
|    learning_rate             | 0.0003     |
|    loss                      | 0.614      |
|    n_updates                 | 30         |
|    policy_gradient_loss      | -0.0257    |
|    value_loss                | 1.3        |
---------------------------------------------
Step 35,000 | Mean reward: -1.229 | Resolution: 3.2% | Escalation: 94.2%
Step 40,000 | Mean reward: -1.424 | Resolution: 3.3% | Escalation: 94.2%
----------------------------------------------
| custom/                      |             |
|    dropout_rate              | 0.0248      |
|    escalation_rate           | 0.942       |
|    mean_episode_length_100ep | 1.58        |
|    mean_reward_100ep         | -1.42       |
|    resolution_rate           | 0.0333      |
|    timeout_rate              | 0           |
| eval/                        |             |
|    escalation_rate           | 0           |
|    mean_reward               | -1.17       |
|    resolution_rate           | 0           |
| rollout/                     |             |
|    ep_len_mean               | 1.59        |
|    ep_rew_mean               | -1.23       |
| time/                        |             |
|    fps                       | 0           |
|    iterations                | 5           |
|    time_elapsed              | 46226       |
|    total_timesteps           | 40960       |
| train/                       |             |
|    approx_kl                 | 0.018649599 |
|    clip_fraction             | 0.288       |
|    clip_range                | 0.2         |
|    entropy_loss              | -1.24       |
|    explained_variance        | 0.0201      |
|    learning_rate             | 0.0003      |
|    loss                      | 0.65        |
|    n_updates                 | 40          |
|    policy_gradient_loss      | -0.0287     |
|    value_loss                | 1.3         |
----------------------------------------------
Step 45,000 | Mean reward: -1.221 | Resolution: 3.5% | Escalation: 94.0%
----------------------------------------------
| custom/                      |             |
|    dropout_rate              | 0.0249      |
|    escalation_rate           | 0.94        |
|    mean_episode_length_100ep | 1.52        |
|    mean_reward_100ep         | -1.22       |
|    resolution_rate           | 0.0347      |
|    timeout_rate              | 0           |
| rollout/                     |             |
|    ep_len_mean               | 1.5         |
|    ep_rew_mean               | -1.09       |
| time/                        |             |
|    fps                       | 0           |
|    iterations                | 6           |
|    time_elapsed              | 55701       |
|    total_timesteps           | 49152       |
| train/                       |             |
|    approx_kl                 | 0.014568164 |
|    clip_fraction             | 0.199       |
|    clip_range                | 0.2         |
|    entropy_loss              | -1.11       |
|    explained_variance        | 0.0317      |
|    learning_rate             | 0.0003      |
|    loss                      | 0.516       |
|    n_updates                 | 50          |
|    policy_gradient_loss      | -0.0264     |
|    value_loss                | 1.12        |
----------------------------------------------
Step 50,000 | Mean reward: -1.183 | Resolution: 3.8% | Escalation: 93.8%
Step 55,000 | Mean reward: -1.186 | Resolution: 4.0% | Escalation: 93.6%
----------------------------------------------
| custom/                      |             |
|    dropout_rate              | 0.024       |
|    escalation_rate           | 0.936       |
|    mean_episode_length_100ep | 1.41        |
|    mean_reward_100ep         | -1.19       |
|    resolution_rate           | 0.0403      |
|    timeout_rate              | 0           |
| eval/                        |             |
|    escalation_rate           | 0           |
|    mean_reward               | -1.17       |
|    resolution_rate           | 0           |
| rollout/                     |             |
|    ep_len_mean               | 1.23        |
|    ep_rew_mean               | -1.19       |
| time/                        |             |
|    fps                       | 0           |
|    iterations                | 7           |
|    time_elapsed              | 64921       |
|    total_timesteps           | 57344       |
| train/                       |             |
|    approx_kl                 | 0.010349905 |
|    clip_fraction             | 0.143       |
|    clip_range                | 0.2         |
|    entropy_loss              | -1.01       |
|    explained_variance        | 0.0426      |
|    learning_rate             | 0.0003      |
|    loss                      | 0.411       |
|    n_updates                 | 60          |
|    policy_gradient_loss      | -0.0219     |
|    value_loss                | 1.02        |
----------------------------------------------
Step 60,000 | Mean reward: -1.247 | Resolution: 4.1% | Escalation: 93.5%
Step 65,000 | Mean reward: -1.049 | Resolution: 4.3% | Escalation: 93.2%
-----------------------------------------------
| custom/                      |              |
|    dropout_rate              | 0.0245       |
|    escalation_rate           | 0.932        |
|    mean_episode_length_100ep | 1.4          |
|    mean_reward_100ep         | -1.05        |
|    resolution_rate           | 0.0434       |
|    timeout_rate              | 0            |
| eval/                        |              |
|    escalation_rate           | 0            |
|    mean_reward               | -1.17        |
|    resolution_rate           | 0            |
| rollout/                     |              |
|    ep_len_mean               | 1.28         |
|    ep_rew_mean               | -1.28        |
| time/                        |              |
|    fps                       | 0            |
|    iterations                | 8            |
|    time_elapsed              | 74020        |
|    total_timesteps           | 65536        |
| train/                       |              |
|    approx_kl                 | 0.0085495375 |
|    clip_fraction             | 0.117        |
|    clip_range                | 0.2          |
|    entropy_loss              | -0.914       |
|    explained_variance        | 0.0834       |
|    learning_rate             | 0.0003       |
|    loss                      | 0.365        |
|    n_updates                 | 70           |
|    policy_gradient_loss      | -0.0223      |
|    value_loss                | 0.876        |
-----------------------------------------------
Step 70,000 | Mean reward: -1.204 | Resolution: 4.6% | Escalation: 93.0%
---------------------------------------------
| custom/                      |            |
|    dropout_rate              | 0.0248     |
|    escalation_rate           | 0.93       |
|    mean_episode_length_100ep | 1.23       |
|    mean_reward_100ep         | -1.2       |
|    resolution_rate           | 0.0456     |
|    timeout_rate              | 0          |
| eval/                        |            |
|    escalation_rate           | 0          |
|    mean_reward               | -1.17      |
|    resolution_rate           | 0          |
| rollout/                     |            |
|    ep_len_mean               | 1.31       |
|    ep_rew_mean               | -1.25      |
| time/                        |            |
|    fps                       | 0          |
|    iterations                | 9          |
|    time_elapsed              | 83288      |
|    total_timesteps           | 73728      |
| train/                       |            |
|    approx_kl                 | 0.00769566 |
|    clip_fraction             | 0.092      |
|    clip_range                | 0.2        |
|    entropy_loss              | -0.821     |
|    explained_variance        | 0.091      |
|    learning_rate             | 0.0003     |
|    loss                      | 0.343      |
|    n_updates                 | 80         |
|    policy_gradient_loss      | -0.0201    |
|    value_loss                | 0.82       |
---------------------------------------------
Step 75,000 | Mean reward: -1.137 | Resolution: 4.7% | Escalation: 92.8%
Step 80,000 | Mean reward: -1.086 | Resolution: 4.9% | Escalation: 92.5%
----------------------------------------------
| custom/                      |             |
|    dropout_rate              | 0.0253      |
|    escalation_rate           | 0.925       |
|    mean_episode_length_100ep | 1.11        |
|    mean_reward_100ep         | -1.09       |
|    resolution_rate           | 0.0495      |
|    timeout_rate              | 0           |
| eval/                        |             |
|    escalation_rate           | 0           |
|    mean_reward               | -1.17       |
|    resolution_rate           | 0           |
| rollout/                     |             |
|    ep_len_mean               | 1.36        |
|    ep_rew_mean               | -1.17       |
| time/                        |             |
|    fps                       | 0           |
|    iterations                | 10          |
|    time_elapsed              | 92468       |
|    total_timesteps           | 81920       |
| train/                       |             |
|    approx_kl                 | 0.006183887 |
|    clip_fraction             | 0.0848      |
|    clip_range                | 0.2         |
|    entropy_loss              | -0.742      |
|    explained_variance        | 0.111       |
|    learning_rate             | 0.0003      |
|    loss                      | 0.175       |
|    n_updates                 | 90          |
|    policy_gradient_loss      | -0.018      |
|    value_loss                | 0.737       |
----------------------------------------------
Step 85,000 | Mean reward: -1.209 | Resolution: 5.1% | Escalation: 92.3%
Step 90,000 | Mean reward: -1.078 | Resolution: 5.4% | Escalation: 92.1%
-----------------------------------------------
| custom/                      |              |
|    dropout_rate              | 0.0253       |
|    escalation_rate           | 0.921        |
|    mean_episode_length_100ep | 1.31         |
|    mean_reward_100ep         | -1.08        |
|    resolution_rate           | 0.0537       |
|    timeout_rate              | 0            |
| eval/                        |              |
|    escalation_rate           | 0            |
|    mean_reward               | -1.17        |
|    resolution_rate           | 0            |
| rollout/                     |              |
|    ep_len_mean               | 1.18         |
|    ep_rew_mean               | -1.11        |
| time/                        |              |
|    fps                       | 0            |
|    iterations                | 11           |
|    time_elapsed              | 101807       |
|    total_timesteps           | 90112        |
| train/                       |              |
|    approx_kl                 | 0.0070351707 |
|    clip_fraction             | 0.0629       |
|    clip_range                | 0.2          |
|    entropy_loss              | -0.678       |
|    explained_variance        | 0.0967       |
|    learning_rate             | 0.0003       |
|    loss                      | 0.299        |
|    n_updates                 | 100          |
|    policy_gradient_loss      | -0.0162      |
|    value_loss                | 0.662        |
-----------------------------------------------
Step 95,000 | Mean reward: -1.140 | Resolution: 5.6% | Escalation: 91.7%
----------------------------------------------
| custom/                      |             |
|    dropout_rate              | 0.0264      |
|    escalation_rate           | 0.917       |
|    mean_episode_length_100ep | 1.25        |
|    mean_reward_100ep         | -1.14       |
|    resolution_rate           | 0.0563      |
|    timeout_rate              | 0           |
| rollout/                     |             |
|    ep_len_mean               | 1.25        |
|    ep_rew_mean               | -1.17       |
| time/                        |             |
|    fps                       | 0           |
|    iterations                | 12          |
|    time_elapsed              | 111065      |
|    total_timesteps           | 98304       |
| train/                       |             |
|    approx_kl                 | 0.006653905 |
|    clip_fraction             | 0.0883      |
|    clip_range                | 0.2         |
|    entropy_loss              | -0.633      |
|    explained_variance        | 0.163       |
|    learning_rate             | 0.0003      |
|    loss                      | 0.334       |
|    n_updates                 | 110         |
|    policy_gradient_loss      | -0.0189     |
|    value_loss                | 0.695       |
----------------------------------------------
Step 100,000 | Mean reward: -1.222 | Resolution: 5.9% | Escalation: 91.4%
Curriculum advanced to stage: medium
[Curriculum] Stage -> medium (subflows=91)
Step 105,000 | Mean reward: -1.129 | Resolution: 6.2% | Escalation: 91.1%
----------------------------------------------
| curriculum/                  |             |
|    stage_index               | 1           |
| custom/                      |             |
|    dropout_rate              | 0.0269      |
|    escalation_rate           | 0.911       |
|    mean_episode_length_100ep | 1.45        |
|    mean_reward_100ep         | -1.13       |
|    resolution_rate           | 0.062       |
|    timeout_rate              | 0           |
| eval/                        |             |
|    escalation_rate           | 0           |
|    mean_reward               | -1.17       |
|    resolution_rate           | 0           |
| rollout/                     |             |
|    ep_len_mean               | 1.28        |
|    ep_rew_mean               | -1.22       |
| time/                        |             |
|    fps                       | 0           |
|    iterations                | 13          |
|    time_elapsed              | 120911      |
|    total_timesteps           | 106496      |
| train/                       |             |
|    approx_kl                 | 0.006735393 |
|    clip_fraction             | 0.085       |
|    clip_range                | 0.2         |
|    entropy_loss              | -0.627      |
|    explained_variance        | 0.197       |
|    learning_rate             | 0.0003      |
|    loss                      | 0.218       |
|    n_updates                 | 120         |
|    policy_gradient_loss      | -0.0183     |
|    value_loss                | 0.758       |
----------------------------------------------
Step 110,000 | Mean reward: -1.172 | Resolution: 6.5% | Escalation: 90.8%
-----------------------------------------------
| custom/                      |              |
|    dropout_rate              | 0.0273       |
|    escalation_rate           | 0.908        |
|    mean_episode_length_100ep | 1.14         |
|    mean_reward_100ep         | -1.17        |
|    resolution_rate           | 0.0647       |
|    timeout_rate              | 0            |
| eval/                        |              |
|    escalation_rate           | 0            |
|    mean_reward               | -1.17        |
|    resolution_rate           | 0            |
| rollout/                     |              |
|    ep_len_mean               | 1.15         |
|    ep_rew_mean               | -1.19        |
| time/                        |              |
|    fps                       | 0            |
|    iterations                | 14           |
|    time_elapsed              | 130785       |
|    total_timesteps           | 114688       |
| train/                       |              |
|    approx_kl                 | 0.0053670704 |
|    clip_fraction             | 0.0699       |
|    clip_range                | 0.2          |
|    entropy_loss              | -0.626       |
|    explained_variance        | 0.129        |
|    learning_rate             | 0.0003       |
|    loss                      | 0.239        |
|    n_updates                 | 130          |
|    policy_gradient_loss      | -0.0155      |
|    value_loss                | 0.826        |
-----------------------------------------------
Step 115,000 | Mean reward: -1.192 | Resolution: 6.8% | Escalation: 90.4%
Step 120,000 | Mean reward: -1.155 | Resolution: 7.1% | Escalation: 90.1%
-----------------------------------------------
| custom/                      |              |
|    dropout_rate              | 0.028        |
|    escalation_rate           | 0.901        |
|    mean_episode_length_100ep | 1.24         |
|    mean_reward_100ep         | -1.16        |
|    resolution_rate           | 0.0712       |
|    timeout_rate              | 0            |
| eval/                        |              |
|    escalation_rate           | 0            |
|    mean_reward               | -1.17        |
|    resolution_rate           | 0            |
| rollout/                     |              |
|    ep_len_mean               | 1.3          |
|    ep_rew_mean               | -1.25        |
| time/                        |              |
|    fps                       | 0            |
|    iterations                | 15           |
|    time_elapsed              | 140615       |
|    total_timesteps           | 122880       |
| train/                       |              |
|    approx_kl                 | 0.0067350436 |
|    clip_fraction             | 0.0792       |
|    clip_range                | 0.2          |
|    entropy_loss              | -0.618       |
|    explained_variance        | 0.152        |
|    learning_rate             | 0.0003       |
|    loss                      | 0.288        |
|    n_updates                 | 140          |
|    policy_gradient_loss      | -0.0158      |
|    value_loss                | 0.827        |
-----------------------------------------------
 100% ━━━━━━━━━━━━━━━━━━ 122,880/120,000  [ 1 day, 14:08:31 < 0:00:00 , 1 it/s ]
Training done: best_eval_reward=-1.1710, final_resolution_rate=0.0712

[3/4] Evaluating PPO vs baselines...
/data/interns/studentiotlab/AdaptiveBandit/AdaptiveBandit/.venv311/lib64/python3.11/site-packages/stable_baselines3/common/on_policy_algorithm.py:150: UserWarning: You are trying to run PPO on the GPU, but it is primarily intended to run on the CPU when not using a CNN policy (you are using ActorCriticPolicy which should be a MlpPolicy). See https://github.com/DLR-RM/stable-baselines3/issues/1245 for more info. You can pass `device='cpu'` or `export CUDA_VISIBLE_DEVICES=` to force using the CPU.Note: The model will train, but the GPU utilization will be poor and the training might take longer than on CPU.
  warnings.warn(
DocumentStore loaded:
  lumo_doc1_company_product_overview.md: 22 chunks
  lumo_doc2_support_policies.md: 48 chunks
  lumo_doc3_issue_playbooks.md: 59 chunks
  Total chunks: 129
  Mean chunk size: 787 characters
  Min chunk size: 45 characters
  Max chunk size: 1000 characters
'[Errno -3] Temporary failure in name resolution' thrown while requesting HEAD https://huggingface.co/sentence-transformers/all-MiniLM-L6-v2/resolve/main/adapter_config.json
Retrying in 1s [Retry 1/5].
Traceback (most recent call last):
  File "/data/interns/studentiotlab/AdaptiveBandit/AdaptiveBandit/Simulation_4/scripts/phase10_full_pipeline.py", line 545, in <module>
    raise SystemExit(main())
                     ^^^^^^
  File "/data/interns/studentiotlab/AdaptiveBandit/AdaptiveBandit/Simulation_4/scripts/phase10_full_pipeline.py", line 480, in main
    ppo_metrics = evaluate_ppo_model(
                  ^^^^^^^^^^^^^^^^^^^
  File "/data/interns/studentiotlab/AdaptiveBandit/AdaptiveBandit/Simulation_4/scripts/phase10_full_pipeline.py", line 92, in evaluate_ppo_model
    env = _build_ppo_env(
          ^^^^^^^^^^^^^^^
  File "/data/interns/studentiotlab/AdaptiveBandit/AdaptiveBandit/Simulation_4/scripts/phase10_full_pipeline.py", line 47, in _build_ppo_env
    env = SupportEnv(artifacts_root=artifacts_root, nlg_enabled=bool(nlg_enabled))
          ^^^^^^^^^^^^^^^^^^^^^^^^^^^^^^^^^^^^^^^^^^^^^^^^^^^^^^^^^^^^^^^^^^^^^^^^
  File "/data/interns/studentiotlab/AdaptiveBandit/AdaptiveBandit/Simulation_4/env/support_env.py", line 87, in __init__
    self.lumo_rag = LumoRAG(
                    ^^^^^^^^
  File "/data/interns/studentiotlab/AdaptiveBandit/AdaptiveBandit/Simulation_4/rag/lumo_rag.py", line 28, in __init__
    self.retriever = Retriever(
                     ^^^^^^^^^^
  File "/data/interns/studentiotlab/AdaptiveBandit/AdaptiveBandit/Simulation_4/rag/retriever.py", line 30, in __init__
    self.model = SentenceTransformer(self.model_name)
                 ^^^^^^^^^^^^^^^^^^^^^^^^^^^^^^^^^^^^
  File "/data/interns/studentiotlab/AdaptiveBandit/AdaptiveBandit/.venv311/lib64/python3.11/site-packages/sentence_transformers/SentenceTransformer.py", line 327, in __init__
    modules, self.module_kwargs = self._load_sbert_model(
                                  ^^^^^^^^^^^^^^^^^^^^^^^
  File "/data/interns/studentiotlab/AdaptiveBandit/AdaptiveBandit/.venv311/lib64/python3.11/site-packages/sentence_transformers/SentenceTransformer.py", line 2323, in _load_sbert_model
    module = module_class.load(
             ^^^^^^^^^^^^^^^^^^
  File "/data/interns/studentiotlab/AdaptiveBandit/AdaptiveBandit/.venv311/lib64/python3.11/site-packages/sentence_transformers/models/Transformer.py", line 436, in load
    return cls(model_name_or_path=model_name_or_path, **init_kwargs)
           ^^^^^^^^^^^^^^^^^^^^^^^^^^^^^^^^^^^^^^^^^^^^^^^^^^^^^^^^^
  File "/data/interns/studentiotlab/AdaptiveBandit/AdaptiveBandit/.venv311/lib64/python3.11/site-packages/sentence_transformers/models/Transformer.py", line 120, in __init__
    config, is_peft_model = self._load_config(model_name_or_path, cache_dir, backend, config_args)
                            ^^^^^^^^^^^^^^^^^^^^^^^^^^^^^^^^^^^^^^^^^^^^^^^^^^^^^^^^^^^^^^^^^^^^^^
  File "/data/interns/studentiotlab/AdaptiveBandit/AdaptiveBandit/.venv311/lib64/python3.11/site-packages/sentence_transformers/models/Transformer.py", line 171, in _load_config
    find_adapter_config_file(
  File "/data/interns/studentiotlab/AdaptiveBandit/AdaptiveBandit/.venv311/lib64/python3.11/site-packages/transformers/utils/peft_utils.py", line 84, in find_adapter_config_file
    adapter_cached_filename = cached_file(
                              ^^^^^^^^^^^^
  File "/data/interns/studentiotlab/AdaptiveBandit/AdaptiveBandit/.venv311/lib64/python3.11/site-packages/transformers/utils/hub.py", line 278, in cached_file
    file = cached_files(path_or_repo_id=path_or_repo_id, filenames=[filename], **kwargs)
           ^^^^^^^^^^^^^^^^^^^^^^^^^^^^^^^^^^^^^^^^^^^^^^^^^^^^^^^^^^^^^^^^^^^^^^^^^^^^^
  File "/data/interns/studentiotlab/AdaptiveBandit/AdaptiveBandit/.venv311/lib64/python3.11/site-packages/transformers/utils/hub.py", line 512, in cached_files
    raise e
  File "/data/interns/studentiotlab/AdaptiveBandit/AdaptiveBandit/.venv311/lib64/python3.11/site-packages/transformers/utils/hub.py", line 422, in cached_files
    hf_hub_download(
  File "/data/interns/studentiotlab/AdaptiveBandit/AdaptiveBandit/.venv311/lib64/python3.11/site-packages/huggingface_hub/utils/_validators.py", line 88, in _inner_fn
    return fn(*args, **kwargs)
           ^^^^^^^^^^^^^^^^^^^
  File "/data/interns/studentiotlab/AdaptiveBandit/AdaptiveBandit/.venv311/lib64/python3.11/site-packages/huggingface_hub/file_download.py", line 995, in hf_hub_download
    return _hf_hub_download_to_cache_dir(
           ^^^^^^^^^^^^^^^^^^^^^^^^^^^^^^
  File "/data/interns/studentiotlab/AdaptiveBandit/AdaptiveBandit/.venv311/lib64/python3.11/site-packages/huggingface_hub/file_download.py", line 1128, in _hf_hub_download_to_cache_dir
    _get_metadata_or_catch_error(
  File "/data/interns/studentiotlab/AdaptiveBandit/AdaptiveBandit/.venv311/lib64/python3.11/site-packages/huggingface_hub/file_download.py", line 1665, in _get_metadata_or_catch_error
    metadata = get_hf_file_metadata(
               ^^^^^^^^^^^^^^^^^^^^^
  File "/data/interns/studentiotlab/AdaptiveBandit/AdaptiveBandit/.venv311/lib64/python3.11/site-packages/huggingface_hub/utils/_validators.py", line 88, in _inner_fn
    return fn(*args, **kwargs)
           ^^^^^^^^^^^^^^^^^^^
  File "/data/interns/studentiotlab/AdaptiveBandit/AdaptiveBandit/.venv311/lib64/python3.11/site-packages/huggingface_hub/file_download.py", line 1587, in get_hf_file_metadata
    response = _httpx_follow_relative_redirects_with_backoff(
               ^^^^^^^^^^^^^^^^^^^^^^^^^^^^^^^^^^^^^^^^^^^^^^
  File "/data/interns/studentiotlab/AdaptiveBandit/AdaptiveBandit/.venv311/lib64/python3.11/site-packages/huggingface_hub/utils/_http.py", line 685, in _httpx_follow_relative_redirects_with_backoff
    response = http_backoff(
               ^^^^^^^^^^^^^
  File "/data/interns/studentiotlab/AdaptiveBandit/AdaptiveBandit/.venv311/lib64/python3.11/site-packages/huggingface_hub/utils/_http.py", line 559, in http_backoff
    return next(
           ^^^^^
  File "/data/interns/studentiotlab/AdaptiveBandit/AdaptiveBandit/.venv311/lib64/python3.11/site-packages/huggingface_hub/utils/_http.py", line 467, in _http_backoff_base
    response = client.request(method=method, url=url, **kwargs)
               ^^^^^^^^^^^^^^^^^^^^^^^^^^^^^^^^^^^^^^^^^^^^^^^^
  File "/data/interns/studentiotlab/AdaptiveBandit/AdaptiveBandit/.venv311/lib64/python3.11/site-packages/httpx/_client.py", line 825, in request
    return self.send(request, auth=auth, follow_redirects=follow_redirects)
           ^^^^^^^^^^^^^^^^^^^^^^^^^^^^^^^^^^^^^^^^^^^^^^^^^^^^^^^^^^^^^^^^
  File "/data/interns/studentiotlab/AdaptiveBandit/AdaptiveBandit/.venv311/lib64/python3.11/site-packages/httpx/_client.py", line 901, in send
    raise RuntimeError("Cannot send a request, as the client has been closed.")
RuntimeError: Cannot send a request, as the client has been closed.
