========================================================================
Phase 10 Full Pipeline: validate -> train -> evaluate -> demos
========================================================================

[1/4] Running simulator validation suite...
DocumentStore loaded:
  lumo_doc1_company_product_overview.md: 22 chunks
  lumo_doc2_support_policies.md: 48 chunks
  lumo_doc3_issue_playbooks.md: 59 chunks
  Total chunks: 129
  Mean chunk size: 787 characters
  Min chunk size: 45 characters
  Max chunk size: 1000 characters
Warning: You are sending unauthenticated requests to the HF Hub. Please set a HF_TOKEN to enable higher rate limits and faster downloads.
Loading weights:   0%|          | 0/103 [00:00<?, ?it/s]Loading weights: 100%|██████████| 103/103 [00:00<00:00, 13420.73it/s]
[1mBertModel LOAD REPORT[0m from: sentence-transformers/all-MiniLM-L6-v2
Key                     | Status     |  | 
------------------------+------------+--+-
embeddings.position_ids | UNEXPECTED |  | 

Notes:
- UNEXPECTED:	can be ignored when loading from different task/architecture; not ok if you expect identical arch.
  [Level1] episode 0/1000
  [Level1] episode 500/1000
DocumentStore loaded:
  lumo_doc1_company_product_overview.md: 22 chunks
  lumo_doc2_support_policies.md: 48 chunks
  lumo_doc3_issue_playbooks.md: 59 chunks
  Total chunks: 129
  Mean chunk size: 787 characters
  Min chunk size: 45 characters
  Max chunk size: 1000 characters
Loading weights:   0%|          | 0/103 [00:00<?, ?it/s]Loading weights: 100%|██████████| 103/103 [00:00<00:00, 12151.25it/s]
[1mBertModel LOAD REPORT[0m from: sentence-transformers/all-MiniLM-L6-v2
Key                     | Status     |  | 
------------------------+------------+--+-
embeddings.position_ids | UNEXPECTED |  | 

Notes:
- UNEXPECTED:	can be ignored when loading from different task/architecture; not ok if you expect identical arch.
  [Level2] episode 0/800
  [Level2] episode 500/800
DocumentStore loaded:
  lumo_doc1_company_product_overview.md: 22 chunks
  lumo_doc2_support_policies.md: 48 chunks
  lumo_doc3_issue_playbooks.md: 59 chunks
  Total chunks: 129
  Mean chunk size: 787 characters
  Min chunk size: 45 characters
  Max chunk size: 1000 characters
Loading weights:   0%|          | 0/103 [00:00<?, ?it/s]Loading weights: 100%|██████████| 103/103 [00:00<00:00, 12187.93it/s]
[1mBertModel LOAD REPORT[0m from: sentence-transformers/all-MiniLM-L6-v2
Key                     | Status     |  | 
------------------------+------------+--+-
embeddings.position_ids | UNEXPECTED |  | 

Notes:
- UNEXPECTED:	can be ignored when loading from different task/architecture; not ok if you expect identical arch.
  [Level3] policy=document_guided
    episode 0/1000
    episode 500/1000
  [Level3] policy=threshold_escalate
    episode 0/1000
    episode 500/1000
  [Level3] policy=random
    episode 0/1000
    episode 500/1000
  [Level3] policy=always_solve
    episode 0/1000
    episode 500/1000
  [Level3] policy=always_escalate
    episode 0/1000
    episode 500/1000
DocumentStore loaded:
  lumo_doc1_company_product_overview.md: 22 chunks
  lumo_doc2_support_policies.md: 48 chunks
  lumo_doc3_issue_playbooks.md: 59 chunks
  Total chunks: 129
  Mean chunk size: 787 characters
  Min chunk size: 45 characters
  Max chunk size: 1000 characters
Loading weights:   0%|          | 0/103 [00:00<?, ?it/s]Loading weights: 100%|██████████| 103/103 [00:00<00:00, 10831.47it/s]
[1mBertModel LOAD REPORT[0m from: sentence-transformers/all-MiniLM-L6-v2
Key                     | Status     |  | 
------------------------+------------+--+-
embeddings.position_ids | UNEXPECTED |  | 

Notes:
- UNEXPECTED:	can be ignored when loading from different task/architecture; not ok if you expect identical arch.
Validation pass rate: 20/24 (overall_pass=False)

[2/4] Training PPO agent...
Training mode: continue from /data/interns/studentiotlab/AdaptiveBandit/AdaptiveBandit/Simulation_4/artifacts/phase10_final/models/best_model.zip
DocumentStore loaded:
  lumo_doc1_company_product_overview.md: 22 chunks
  lumo_doc2_support_policies.md: 48 chunks
  lumo_doc3_issue_playbooks.md: 59 chunks
  Total chunks: 129
  Mean chunk size: 787 characters
  Min chunk size: 45 characters
  Max chunk size: 1000 characters
Loading weights:   0%|          | 0/103 [00:00<?, ?it/s]Loading weights: 100%|██████████| 103/103 [00:00<00:00, 11245.95it/s]
[1mBertModel LOAD REPORT[0m from: sentence-transformers/all-MiniLM-L6-v2
Key                     | Status     |  | 
------------------------+------------+--+-
embeddings.position_ids | UNEXPECTED |  | 

Notes:
- UNEXPECTED:	can be ignored when loading from different task/architecture; not ok if you expect identical arch.
DocumentStore loaded:
  lumo_doc1_company_product_overview.md: 22 chunks
  lumo_doc2_support_policies.md: 48 chunks
  lumo_doc3_issue_playbooks.md: 59 chunks
  Total chunks: 129
  Mean chunk size: 787 characters
  Min chunk size: 45 characters
  Max chunk size: 1000 characters
Loading weights:   0%|          | 0/103 [00:00<?, ?it/s]Loading weights: 100%|██████████| 103/103 [00:00<00:00, 12708.89it/s]
[1mBertModel LOAD REPORT[0m from: sentence-transformers/all-MiniLM-L6-v2
Key                     | Status     |  | 
------------------------+------------+--+-
embeddings.position_ids | UNEXPECTED |  | 

Notes:
- UNEXPECTED:	can be ignored when loading from different task/architecture; not ok if you expect identical arch.
DocumentStore loaded:
  lumo_doc1_company_product_overview.md: 22 chunks
  lumo_doc2_support_policies.md: 48 chunks
  lumo_doc3_issue_playbooks.md: 59 chunks
  Total chunks: 129
  Mean chunk size: 787 characters
  Min chunk size: 45 characters
  Max chunk size: 1000 characters
Loading weights:   0%|          | 0/103 [00:00<?, ?it/s]Loading weights: 100%|██████████| 103/103 [00:00<00:00, 13127.51it/s]
[1mBertModel LOAD REPORT[0m from: sentence-transformers/all-MiniLM-L6-v2
Key                     | Status     |  | 
------------------------+------------+--+-
embeddings.position_ids | UNEXPECTED |  | 

Notes:
- UNEXPECTED:	can be ignored when loading from different task/architecture; not ok if you expect identical arch.
DocumentStore loaded:
  lumo_doc1_company_product_overview.md: 22 chunks
  lumo_doc2_support_policies.md: 48 chunks
  lumo_doc3_issue_playbooks.md: 59 chunks
  Total chunks: 129
  Mean chunk size: 787 characters
  Min chunk size: 45 characters
  Max chunk size: 1000 characters
Loading weights:   0%|          | 0/103 [00:00<?, ?it/s]Loading weights: 100%|██████████| 103/103 [00:00<00:00, 10931.51it/s]
[1mBertModel LOAD REPORT[0m from: sentence-transformers/all-MiniLM-L6-v2
Key                     | Status     |  | 
------------------------+------------+--+-
embeddings.position_ids | UNEXPECTED |  | 

Notes:
- UNEXPECTED:	can be ignored when loading from different task/architecture; not ok if you expect identical arch.
DocumentStore loaded:
  lumo_doc1_company_product_overview.md: 22 chunks
  lumo_doc2_support_policies.md: 48 chunks
  lumo_doc3_issue_playbooks.md: 59 chunks
  Total chunks: 129
  Mean chunk size: 787 characters
  Min chunk size: 45 characters
  Max chunk size: 1000 characters
Loading weights:   0%|          | 0/103 [00:00<?, ?it/s]Loading weights: 100%|██████████| 103/103 [00:00<00:00, 11157.94it/s]
[1mBertModel LOAD REPORT[0m from: sentence-transformers/all-MiniLM-L6-v2
Key                     | Status     |  | 
------------------------+------------+--+-
embeddings.position_ids | UNEXPECTED |  | 

Notes:
- UNEXPECTED:	can be ignored when loading from different task/architecture; not ok if you expect identical arch.
Using cuda device
/data/interns/studentiotlab/AdaptiveBandit/AdaptiveBandit/.venv311/lib64/python3.11/site-packages/stable_baselines3/common/on_policy_algorithm.py:150: UserWarning: You are trying to run PPO on the GPU, but it is primarily intended to run on the CPU when not using a CNN policy (you are using ActorCriticPolicy which should be a MlpPolicy). See https://github.com/DLR-RM/stable-baselines3/issues/1245 for more info. You can pass `device='cpu'` or `export CUDA_VISIBLE_DEVICES=` to force using the CPU.Note: The model will train, but the GPU utilization will be poor and the training might take longer than on CPU.
  warnings.warn(
Logging to /data/interns/studentiotlab/AdaptiveBandit/AdaptiveBandit/Simulation_4/artifacts/phase10_textonly_persist/tensorboard/PPO_1
