========================================================================
Phase 10 Full Pipeline: validate -> train -> evaluate -> demos
========================================================================

[1/4] Running simulator validation suite...
DocumentStore loaded:
  lumo_doc1_company_product_overview.md: 22 chunks
  lumo_doc2_support_policies.md: 48 chunks
  lumo_doc3_issue_playbooks.md: 59 chunks
  Total chunks: 129
  Mean chunk size: 787 characters
  Min chunk size: 45 characters
  Max chunk size: 1000 characters
Warning: You are sending unauthenticated requests to the HF Hub. Please set a HF_TOKEN to enable higher rate limits and faster downloads.
Loading weights:   0%|          | 0/103 [00:00<?, ?it/s]Loading weights: 100%|██████████| 103/103 [00:00<00:00, 11593.32it/s]
[1mBertModel LOAD REPORT[0m from: sentence-transformers/all-MiniLM-L6-v2
Key                     | Status     |  | 
------------------------+------------+--+-
embeddings.position_ids | UNEXPECTED |  | 

Notes:
- UNEXPECTED:	can be ignored when loading from different task/architecture; not ok if you expect identical arch.
  [Level1] episode 0/1000
  [Level1] episode 500/1000
DocumentStore loaded:
  lumo_doc1_company_product_overview.md: 22 chunks
  lumo_doc2_support_policies.md: 48 chunks
  lumo_doc3_issue_playbooks.md: 59 chunks
  Total chunks: 129
  Mean chunk size: 787 characters
  Min chunk size: 45 characters
  Max chunk size: 1000 characters
Loading weights:   0%|          | 0/103 [00:00<?, ?it/s]Loading weights: 100%|██████████| 103/103 [00:00<00:00, 10695.25it/s]
[1mBertModel LOAD REPORT[0m from: sentence-transformers/all-MiniLM-L6-v2
Key                     | Status     |  | 
------------------------+------------+--+-
embeddings.position_ids | UNEXPECTED |  | 

Notes:
- UNEXPECTED:	can be ignored when loading from different task/architecture; not ok if you expect identical arch.
  [Level2] episode 0/800
  [Level2] episode 500/800
DocumentStore loaded:
  lumo_doc1_company_product_overview.md: 22 chunks
  lumo_doc2_support_policies.md: 48 chunks
  lumo_doc3_issue_playbooks.md: 59 chunks
  Total chunks: 129
  Mean chunk size: 787 characters
  Min chunk size: 45 characters
  Max chunk size: 1000 characters
Loading weights:   0%|          | 0/103 [00:00<?, ?it/s]Loading weights: 100%|██████████| 103/103 [00:00<00:00, 10809.79it/s]
[1mBertModel LOAD REPORT[0m from: sentence-transformers/all-MiniLM-L6-v2
Key                     | Status     |  | 
------------------------+------------+--+-
embeddings.position_ids | UNEXPECTED |  | 

Notes:
- UNEXPECTED:	can be ignored when loading from different task/architecture; not ok if you expect identical arch.
  [Level3] policy=document_guided
    episode 0/1000
    episode 500/1000
  [Level3] policy=threshold_escalate
    episode 0/1000
    episode 500/1000
  [Level3] policy=random
    episode 0/1000
    episode 500/1000
  [Level3] policy=always_solve
    episode 0/1000
    episode 500/1000
  [Level3] policy=always_escalate
    episode 0/1000
    episode 500/1000
DocumentStore loaded:
  lumo_doc1_company_product_overview.md: 22 chunks
  lumo_doc2_support_policies.md: 48 chunks
  lumo_doc3_issue_playbooks.md: 59 chunks
  Total chunks: 129
  Mean chunk size: 787 characters
  Min chunk size: 45 characters
  Max chunk size: 1000 characters
Loading weights:   0%|          | 0/103 [00:00<?, ?it/s]Loading weights: 100%|██████████| 103/103 [00:00<00:00, 10111.25it/s]
[1mBertModel LOAD REPORT[0m from: sentence-transformers/all-MiniLM-L6-v2
Key                     | Status     |  | 
------------------------+------------+--+-
embeddings.position_ids | UNEXPECTED |  | 

Notes:
- UNEXPECTED:	can be ignored when loading from different task/architecture; not ok if you expect identical arch.
Validation pass rate: 20/24 (overall_pass=False)

[2/4] Training PPO agent...
Training mode: continue from /data/interns/studentiotlab/AdaptiveBandit/AdaptiveBandit/Simulation_4/artifacts/phase10_final/models/best_model.zip
DocumentStore loaded:
  lumo_doc1_company_product_overview.md: 22 chunks
  lumo_doc2_support_policies.md: 48 chunks
  lumo_doc3_issue_playbooks.md: 59 chunks
  Total chunks: 129
  Mean chunk size: 787 characters
  Min chunk size: 45 characters
  Max chunk size: 1000 characters
Loading weights:   0%|          | 0/103 [00:00<?, ?it/s]Loading weights: 100%|██████████| 103/103 [00:00<00:00, 7036.05it/s]
[1mBertModel LOAD REPORT[0m from: sentence-transformers/all-MiniLM-L6-v2
Key                     | Status     |  | 
------------------------+------------+--+-
embeddings.position_ids | UNEXPECTED |  | 

Notes:
- UNEXPECTED:	can be ignored when loading from different task/architecture; not ok if you expect identical arch.
DocumentStore loaded:
  lumo_doc1_company_product_overview.md: 22 chunks
  lumo_doc2_support_policies.md: 48 chunks
  lumo_doc3_issue_playbooks.md: 59 chunks
  Total chunks: 129
  Mean chunk size: 787 characters
  Min chunk size: 45 characters
  Max chunk size: 1000 characters
Loading weights:   0%|          | 0/103 [00:00<?, ?it/s]Loading weights: 100%|██████████| 103/103 [00:00<00:00, 9802.67it/s]
[1mBertModel LOAD REPORT[0m from: sentence-transformers/all-MiniLM-L6-v2
Key                     | Status     |  | 
------------------------+------------+--+-
embeddings.position_ids | UNEXPECTED |  | 

Notes:
- UNEXPECTED:	can be ignored when loading from different task/architecture; not ok if you expect identical arch.
DocumentStore loaded:
  lumo_doc1_company_product_overview.md: 22 chunks
  lumo_doc2_support_policies.md: 48 chunks
  lumo_doc3_issue_playbooks.md: 59 chunks
  Total chunks: 129
  Mean chunk size: 787 characters
  Min chunk size: 45 characters
  Max chunk size: 1000 characters
Loading weights:   0%|          | 0/103 [00:00<?, ?it/s]Loading weights: 100%|██████████| 103/103 [00:00<00:00, 12137.59it/s]
[1mBertModel LOAD REPORT[0m from: sentence-transformers/all-MiniLM-L6-v2
Key                     | Status     |  | 
------------------------+------------+--+-
embeddings.position_ids | UNEXPECTED |  | 

Notes:
- UNEXPECTED:	can be ignored when loading from different task/architecture; not ok if you expect identical arch.
DocumentStore loaded:
  lumo_doc1_company_product_overview.md: 22 chunks
  lumo_doc2_support_policies.md: 48 chunks
  lumo_doc3_issue_playbooks.md: 59 chunks
  Total chunks: 129
  Mean chunk size: 787 characters
  Min chunk size: 45 characters
  Max chunk size: 1000 characters
Loading weights:   0%|          | 0/103 [00:00<?, ?it/s]Loading weights: 100%|██████████| 103/103 [00:00<00:00, 9661.92it/s]
[1mBertModel LOAD REPORT[0m from: sentence-transformers/all-MiniLM-L6-v2
Key                     | Status     |  | 
------------------------+------------+--+-
embeddings.position_ids | UNEXPECTED |  | 

Notes:
- UNEXPECTED:	can be ignored when loading from different task/architecture; not ok if you expect identical arch.
DocumentStore loaded:
  lumo_doc1_company_product_overview.md: 22 chunks
  lumo_doc2_support_policies.md: 48 chunks
  lumo_doc3_issue_playbooks.md: 59 chunks
  Total chunks: 129
  Mean chunk size: 787 characters
  Min chunk size: 45 characters
  Max chunk size: 1000 characters
Loading weights:   0%|          | 0/103 [00:00<?, ?it/s]Loading weights: 100%|██████████| 103/103 [00:00<00:00, 10230.49it/s]
[1mBertModel LOAD REPORT[0m from: sentence-transformers/all-MiniLM-L6-v2
Key                     | Status     |  | 
------------------------+------------+--+-
embeddings.position_ids | UNEXPECTED |  | 

Notes:
- UNEXPECTED:	can be ignored when loading from different task/architecture; not ok if you expect identical arch.
Using cuda device
/data/interns/studentiotlab/AdaptiveBandit/AdaptiveBandit/.venv311/lib64/python3.11/site-packages/stable_baselines3/common/on_policy_algorithm.py:150: UserWarning: You are trying to run PPO on the GPU, but it is primarily intended to run on the CPU when not using a CNN policy (you are using ActorCriticPolicy which should be a MlpPolicy). See https://github.com/DLR-RM/stable-baselines3/issues/1245 for more info. You can pass `device='cpu'` or `export CUDA_VISIBLE_DEVICES=` to force using the CPU.Note: The model will train, but the GPU utilization will be poor and the training might take longer than on CPU.
  warnings.warn(
Logging to /data/interns/studentiotlab/AdaptiveBandit/AdaptiveBandit/Simulation_4/artifacts/phase10_textonly_persist/tensorboard/PPO_2
Step 5,000 | Mean reward: -1.588 | Resolution: 2.6% | Escalation: 95.1%
-------------------------------------------
| custom/                      |          |
|    dropout_rate              | 0.0224   |
|    escalation_rate           | 0.951    |
|    mean_episode_length_100ep | 2.6      |
|    mean_reward_100ep         | -1.59    |
|    resolution_rate           | 0.0262   |
|    timeout_rate              | 0        |
| rollout/                     |          |
|    ep_len_mean               | 2.44     |
|    ep_rew_mean               | -1.41    |
| time/                        |          |
|    fps                       | 1        |
|    iterations                | 1        |
|    time_elapsed              | 7077     |
|    total_timesteps           | 8192     |
-------------------------------------------
Step 10,000 | Mean reward: -1.422 | Resolution: 2.5% | Escalation: 94.7%
New best model saved: -1.171
